{"err":{"clientVersion":"5.22.0","code":"P2003","meta":{"field_name":"(not available)","modelName":"MateriaGradoProfesor"},"name":"PrismaClientKnownRequestError"},"level":"error","message":"Error al asignar materia","service":"colegio-api","timestamp":"2026-06-15 23:02:13"}
{"err":{"clientVersion":"5.22.0","code":"P2003","meta":{"field_name":"(not available)","modelName":"MateriaGradoProfesor"},"name":"PrismaClientKnownRequestError"},"level":"error","message":"Error al asignar materia","service":"colegio-api","timestamp":"2026-06-15 23:02:16"}
{"err":{"clientVersion":"5.22.0","code":"P2003","meta":{"field_name":"(not available)","modelName":"MateriaGradoProfesor"},"name":"PrismaClientKnownRequestError"},"level":"error","message":"Error al asignar materia","service":"colegio-api","timestamp":"2026-06-15 23:02:16"}
{"err":{"clientVersion":"5.22.0","code":"P2003","meta":{"field_name":"(not available)","modelName":"MateriaGradoProfesor"},"name":"PrismaClientKnownRequestError"},"level":"error","message":"Error al asignar materia","service":"colegio-api","timestamp":"2026-06-15 23:02:17"}
{"err":{"clientVersion":"5.22.0","code":"P2003","meta":{"field_name":"(not available)","modelName":"MateriaGradoProfesor"},"name":"PrismaClientKnownRequestError"},"level":"error","message":"Error al asignar materia","service":"colegio-api","timestamp":"2026-06-15 23:02:17"}
{"err":{"clientVersion":"5.22.0","code":"P2003","meta":{"field_name":"(not available)","modelName":"MateriaGradoProfesor"},"name":"PrismaClientKnownRequestError"},"level":"error","message":"Error al asignar materia","service":"colegio-api","timestamp":"2026-06-15 23:02:17"}
{"err":{"clientVersion":"5.22.0","code":"P2003","meta":{"field_name":"(not available)","modelName":"MateriaGradoProfesor"},"name":"PrismaClientKnownRequestError"},"level":"error","message":"Error al asignar materia","service":"colegio-api","timestamp":"2026-06-15 23:02:17"}
{"err":{"clientVersion":"5.22.0","code":"P2003","meta":{"field_name":"(not available)","modelName":"MateriaGradoProfesor"},"name":"PrismaClientKnownRequestError"},"level":"error","message":"Error al asignar materia","service":"colegio-api","timestamp":"2026-06-17 15:28:27"}
{"err":{"clientVersion":"5.22.0","code":"P2003","meta":{"field_name":"(not available)","modelName":"MateriaGradoProfesor"},"name":"PrismaClientKnownRequestError"},"level":"error","message":"Error al asignar materia","service":"colegio-api","timestamp":"2026-06-17 15:28:29"}
{"err":{"clientVersion":"5.22.0","code":"P2003","meta":{"field_name":"(not available)","modelName":"MateriaGradoProfesor"},"name":"PrismaClientKnownRequestError"},"level":"error","message":"Error al asignar materia","service":"colegio-api","timestamp":"2026-06-17 15:28:29"}
{"err":{"clientVersion":"5.22.0","code":"P2003","meta":{"field_name":"(not available)","modelName":"MateriaGradoProfesor"},"name":"PrismaClientKnownRequestError"},"level":"error","message":"Error al asignar materia","service":"colegio-api","timestamp":"2026-06-17 15:28:29"}
{"err":{"clientVersion":"5.22.0","code":"P2003","meta":{"field_name":"(not available)","modelName":"MateriaGradoProfesor"},"name":"PrismaClientKnownRequestError"},"level":"error","message":"Error al asignar materia","service":"colegio-api","timestamp":"2026-06-17 15:28:30"}
{"err":{"clientVersion":"5.22.0","code":"P2003","meta":{"field_name":"(not available)","modelName":"MateriaGradoProfesor"},"name":"PrismaClientKnownRequestError"},"level":"error","message":"Error al asignar materia","service":"colegio-api","timestamp":"2026-06-17 15:28:30"}
{"err":{"clientVersion":"5.22.0","code":"P2003","meta":{"field_name":"(not available)","modelName":"MateriaGradoProfesor"},"name":"PrismaClientKnownRequestError"},"level":"error","message":"Error al asignar materia","service":"colegio-api","timestamp":"2026-06-17 15:45:43"}
{"err":{"clientVersion":"5.22.0","code":"P2003","meta":{"field_name":"(not available)","modelName":"MateriaGradoProfesor"},"name":"PrismaClientKnownRequestError"},"level":"error","message":"Error al asignar materia","service":"colegio-api","timestamp":"2026-06-17 15:45:43"}
{"err":{"clientVersion":"5.22.0","code":"P2003","meta":{"field_name":"(not available)","modelName":"MateriaGradoProfesor"},"name":"PrismaClientKnownRequestError"},"level":"error","message":"Error al asignar materia","service":"colegio-api","timestamp":"2026-06-17 15:45:44"}
{"err":{"clientVersion":"5.22.0","code":"P2003","meta":{"field_name":"(not available)","modelName":"MateriaGradoProfesor"},"name":"PrismaClientKnownRequestError"},"level":"error","message":"Error al asignar materia","service":"colegio-api","timestamp":"2026-06-17 15:51:03"}
{"err":{"clientVersion":"5.22.0","code":"P2003","meta":{"field_name":"(not available)","modelName":"MateriaGradoProfesor"},"name":"PrismaClientKnownRequestError"},"level":"error","message":"Error al asignar materia","service":"colegio-api","timestamp":"2026-06-17 15:51:04"}
{"err":{"clientVersion":"5.22.0","code":"P2003","meta":{"field_name":"(not available)","modelName":"MateriaGradoProfesor"},"name":"PrismaClientKnownRequestError"},"level":"error","message":"Error al asignar materia","service":"colegio-api","timestamp":"2026-06-17 15:51:04"}
{"err":{"clientVersion":"5.22.0","code":"P2003","meta":{"field_name":"(not available)","modelName":"MateriaGradoProfesor"},"name":"PrismaClientKnownRequestError"},"level":"error","message":"Error al asignar materia","service":"colegio-api","timestamp":"2026-06-17 15:51:04"}
{"err":{"clientVersion":"5.22.0","name":"PrismaClientUnknownRequestError"},"level":"error","message":"Error al registrar calificación","service":"colegio-api","timestamp":"2026-07-16 15:52:12"}
{"err":{"clientVersion":"5.22.0","name":"PrismaClientUnknownRequestError"},"level":"error","message":"Error al registrar calificación","service":"colegio-api","timestamp":"2026-07-16 15:52:16"}
{"err":{"clientVersion":"5.22.0","name":"PrismaClientUnknownRequestError"},"level":"error","message":"Error al registrar calificación","service":"colegio-api","timestamp":"2026-07-16 15:52:17"}
{"err":{"clientVersion":"5.22.0","name":"PrismaClientUnknownRequestError"},"level":"error","message":"Error al registrar calificación","service":"colegio-api","timestamp":"2026-07-16 15:52:19"}
{"err":{"clientVersion":"5.22.0","name":"PrismaClientUnknownRequestError"},"level":"error","message":"Error al registrar calificación","service":"colegio-api","timestamp":"2026-07-16 16:14:31"}
{"err":{"clientVersion":"5.22.0","name":"PrismaClientUnknownRequestError"},"level":"error","message":"Error al registrar calificación","service":"colegio-api","timestamp":"2026-07-16 16:14:33"}
{"err":{"clientVersion":"5.22.0","name":"PrismaClientUnknownRequestError"},"level":"error","message":"Error al registrar calificación","service":"colegio-api","timestamp":"2026-07-16 16:14:34"}
{"err":{"clientVersion":"5.22.0","name":"PrismaClientUnknownRequestError"},"level":"error","message":"Error al registrar calificación","service":"colegio-api","timestamp":"2026-07-16 16:14:34"}
{"err":{"clientVersion":"5.22.0","name":"PrismaClientUnknownRequestError"},"level":"error","message":"Error al registrar calificación","service":"colegio-api","timestamp":"2026-07-16 16:16:22"}
{"err":{"clientVersion":"5.22.0","name":"PrismaClientUnknownRequestError"},"level":"error","message":"Error al registrar calificación","service":"colegio-api","timestamp":"2026-07-16 16:16:24"}
{"err":{"clientVersion":"5.22.0","name":"PrismaClientUnknownRequestError"},"level":"error","message":"Error al registrar calificación","service":"colegio-api","timestamp":"2026-07-16 16:16:24"}
{"err":{"clientVersion":"5.22.0","name":"PrismaClientUnknownRequestError"},"level":"error","message":"Error al registrar calificación","service":"colegio-api","timestamp":"2026-07-16 16:16:25"}
{"err":{"clientVersion":"5.22.0","name":"PrismaClientUnknownRequestError"},"level":"error","message":"Error al registrar calificación","service":"colegio-api","timestamp":"2026-07-16 16:16:27"}
{"err":{"clientVersion":"5.22.0","name":"PrismaClientUnknownRequestError"},"level":"error","message":"Error al registrar calificación","service":"colegio-api","timestamp":"2026-07-16 16:16:28"}
{"err":{"clientVersion":"5.22.0","name":"PrismaClientUnknownRequestError"},"level":"error","message":"Error al registrar calificación","service":"colegio-api","timestamp":"2026-07-16 16:16:37"}
{"err":{"clientVersion":"5.22.0","name":"PrismaClientUnknownRequestError"},"level":"error","message":"Error al registrar calificación","service":"colegio-api","timestamp":"2026-07-16 16:16:38"}
{"err":{"clientVersion":"5.22.0","name":"PrismaClientUnknownRequestError"},"level":"error","message":"Error al registrar calificación","service":"colegio-api","timestamp":"2026-07-16 16:16:38"}
{"err":{"clientVersion":"5.22.0","name":"PrismaClientUnknownRequestError"},"level":"error","message":"Error al registrar calificación","service":"colegio-api","timestamp":"2026-07-16 16:16:39"}
{"err":{"clientVersion":"5.22.0","name":"PrismaClientUnknownRequestError"},"level":"error","message":"Error al registrar calificación","service":"colegio-api","timestamp":"2026-07-16 16:16:39"}
{"err":{"clientVersion":"5.22.0","name":"PrismaClientValidationError"},"level":"error","message":"Error al editar materia","service":"colegio-api","timestamp":"2026-07-17 12:17:46"}
{"err":{"clientVersion":"5.22.0","name":"PrismaClientValidationError"},"level":"error","message":"Error al editar materia","service":"colegio-api","timestamp":"2026-07-17 12:17:48"}
{"err":{"clientVersion":"5.22.0","name":"PrismaClientValidationError"},"level":"error","message":"Error al editar materia","service":"colegio-api","timestamp":"2026-07-17 12:17:59"}
{"err":{"clientVersion":"5.22.0","name":"PrismaClientValidationError"},"level":"error","message":"Error al editar materia","service":"colegio-api","timestamp":"2026-07-17 12:18:00"}
{"err":{"clientVersion":"5.22.0","code":"P2002","meta":{"modelName":"Materia","target":["nombre"]},"name":"PrismaClientKnownRequestError"},"level":"error","message":"Error al editar materia","service":"colegio-api","timestamp":"2026-07-17 12:23:47"}
{"err":{"clientVersion":"5.22.0","code":"P2002","meta":{"modelName":"Materia","target":["nombre"]},"name":"PrismaClientKnownRequestError"},"level":"error","message":"Error al editar materia","service":"colegio-api","timestamp":"2026-07-17 12:23:49"}
{"err":{"clientVersion":"5.22.0","code":"P2002","meta":{"modelName":"Materia","target":["nombre"]},"name":"PrismaClientKnownRequestError"},"level":"error","message":"Error al editar materia","service":"colegio-api","timestamp":"2026-07-17 12:23:56"}
{"err":{"clientVersion":"5.22.0","code":"P2002","meta":{"modelName":"Materia","target":["nombre"]},"name":"PrismaClientKnownRequestError"},"level":"error","message":"Error al editar materia","service":"colegio-api","timestamp":"2026-07-17 12:23:57"}
{"err":{"clientVersion":"5.22.0","code":"P2002","meta":{"modelName":"Materia","target":["nombre"]},"name":"PrismaClientKnownRequestError"},"level":"error","message":"Error al editar materia","service":"colegio-api","timestamp":"2026-07-17 12:24:20"}
{"err":{"clientVersion":"5.22.0","code":"P2002","meta":{"modelName":"Materia","target":["nombre"]},"name":"PrismaClientKnownRequestError"},"level":"error","message":"Error al editar materia","service":"colegio-api","timestamp":"2026-07-17 12:24:21"}
{"err":{"clientVersion":"5.22.0","code":"P2002","meta":{"modelName":"Materia","target":["nombre"]},"name":"PrismaClientKnownRequestError"},"level":"error","message":"Error al editar materia","service":"colegio-api","timestamp":"2026-07-17 12:36:18"}
{"err":{"clientVersion":"5.22.0","code":"P2002","meta":{"modelName":"Materia","target":["nombre"]},"name":"PrismaClientKnownRequestError"},"level":"error","message":"Error al editar materia","service":"colegio-api","timestamp":"2026-07-17 12:36:19"}
{"err":{"clientVersion":"5.22.0","code":"P2002","meta":{"modelName":"Materia","target":["nombre"]},"name":"PrismaClientKnownRequestError"},"level":"error","message":"Error al editar materia","service":"colegio-api","timestamp":"2026-07-17 12:36:19"}
{"err":{"clientVersion":"5.22.0","code":"P2002","meta":{"modelName":"Materia","target":["nombre"]},"name":"PrismaClientKnownRequestError"},"level":"error","message":"Error al editar materia","service":"colegio-api","timestamp":"2026-07-17 12:36:19"}
{"err":{"clientVersion":"5.22.0","code":"P2002","meta":{"modelName":"Materia","target":["nombre"]},"name":"PrismaClientKnownRequestError"},"level":"error","message":"Error al editar materia","service":"colegio-api","timestamp":"2026-07-17 12:36:20"}
{"err":{"address":"74.125.26.109","code":"ESOCKET","command":"CONN","errno":-4039,"port":587,"syscall":"connect"},"level":"error","message":"Error al enviar correo","service":"colegio-api","timestamp":"2026-07-17 17:58:25"}
{"comunicadoId":"e6567d8a-775f-494a-b7cd-4d17621c29e4","level":"error","message":"Error al enviar correos del comunicado","service":"colegio-api","timestamp":"2026-07-17 17:58:25"}
{"err":{"clientVersion":"5.22.0","name":"PrismaClientInitializationError"},"level":"error","message":"Error en login","service":"colegio-api","timestamp":"2026-08-24 13:49:40"}
{"err":{"clientVersion":"5.22.0","name":"PrismaClientInitializationError"},"level":"error","message":"Error en login","service":"colegio-api","timestamp":"2026-08-24 13:49:53"}
{"err":{"clientVersion":"5.22.0","name":"PrismaClientInitializationError"},"level":"error","message":"Error en login","service":"colegio-api","timestamp":"2026-08-24 13:58:27"}
{"err":{"clientVersion":"5.22.0","name":"PrismaClientInitializationError"},"level":"error","message":"Error en login","service":"colegio-api","timestamp":"2026-08-24 14:14:00"}
{"err":{"clientVersion":"5.22.0","name":"PrismaClientInitializationError"},"level":"error","message":"Error en login","service":"colegio-api","timestamp":"2026-08-24 14:16:27"}
{"err":{"clientVersion":"5.22.0","name":"PrismaClientInitializationError"},"level":"error","message":"Error en login","service":"colegio-api","timestamp":"2026-08-24 14:17:28"}
{"err":{"clientVersion":"5.22.0","name":"PrismaClientInitializationError"},"level":"error","message":"Error en login","service":"colegio-api","timestamp":"2026-08-24 14:17:39"}
{"err":{"clientVersion":"5.22.0","name":"PrismaClientInitializationError"},"level":"error","message":"Error en login","service":"colegio-api","timestamp":"2026-08-24 14:37:47"}
{"err":{"clientVersion":"5.22.0","name":"PrismaClientInitializationError"},"level":"error","message":"Error en login","service":"colegio-api","timestamp":"2026-08-24 14:37:49"}
{"err":{"clientVersion":"5.22.0","name":"PrismaClientInitializationError"},"level":"error","message":"Error en login","service":"colegio-api","timestamp":"2026-08-24 14:38:42"}
{"err":{"clientVersion":"5.22.0","name":"PrismaClientInitializationError"},"level":"error","message":"Error en login","service":"colegio-api","timestamp":"2026-08-24 14:38:43"}
{"err":{"clientVersion":"5.22.0","name":"PrismaClientInitializationError"},"level":"error","message":"Error en login","service":"colegio-api","timestamp":"2026-08-24 14:38:43"}
{"err":{"clientVersion":"5.22.0","name":"PrismaClientInitializationError"},"level":"error","message":"Error en login","service":"colegio-api","timestamp":"2026-08-24 14:38:44"}
{"err":{"clientVersion":"5.22.0","name":"PrismaClientInitializationError"},"level":"error","message":"Error en login","service":"colegio-api","timestamp":"2026-08-24 14:38:44"}
{"err":{"clientVersion":"5.22.0","name":"PrismaClientInitializationError"},"level":"error","message":"Error en login","service":"colegio-api","timestamp":"2026-08-24 14:39:03"}
